// Jest Snapshot v1, https://goo.gl/fbAQLP

exports[`Tests on FormCreateManga component should to match with snapshot 1`] = `
<div>
  <form
    class="mx-auto mb-4 max-w-lg"
    data-testid="form-create-manga"
  >
    <div
      class="flex flex-col gap-4 mb-4"
    >
      <div
        class="flex flex-col gap-2"
      >
        <label
          class="text-lg"
          for="serie"
        >
          Seleccionar serie
        </label>
        <select
          class="input bg-white"
          id="serie"
          name="serie"
        >
          <option
            disabled=""
            value=""
          >
            Selecciona una serie
          </option>
          <option
            value="2baea5fb-2fd2-41ff-bf8b-f64d247a23dd"
          >
            Inuyasha
          </option>
          <option
            value="368852b4-62e7-449b-bd14-f6fd410037cc"
          >
            One Piece
          </option>
          <option
            value="543e5b82-6441-428e-b1c6-4c35db75d17b"
          >
            One Punch Man
          </option>
          <option
            value="9a4b8fa4-91cf-461f-a00c-efecfd3aae52"
          >
            Akira
          </option>
          <option
            value="9b63b0dc-adcd-40b9-8584-cdd3338555e1"
          >
            Hunter x Hunter
          </option>
        </select>
      </div>
      <div
        class="flex flex-col gap-2"
      >
        <label
          class="text-lg"
          for="number"
        >
          Escribe el número de volumen
        </label>
        <input
          class="input"
          id="number"
          min="0"
          name="number"
          placeholder="Número"
          type="number"
          value=""
        />
      </div>
      <div
        class="flex flex-col gap-2"
      >
        <label
          class="text-lg"
          for="price"
        >
          Escribe el precio unitario
        </label>
        <input
          class="input"
          id="price"
          min="0"
          name="price"
          placeholder="Escribe el precio unitario"
          type="number"
          value="undefined"
        />
      </div>
      <div
        class="flex flex-col gap-2"
      >
        <label
          class="text-lg"
          for="imgURL"
        >
          Coloca la URL de la serie (cloudinary)
        </label>
        <input
          class="input"
          id="imgURL"
          name="imgURL"
          placeholder="Coloca una url de cloudinary"
          type="text"
          value=""
        />
      </div>
      <div
        class="flex flex-col gap-2"
      >
        <label
          class="text-lg"
          for="title"
        >
          Escribe un título (opcional)
        </label>
        <input
          class="input"
          id="title"
          name="title"
          placeholder="Titulo opcional"
          type="text"
          value=""
        />
      </div>
      <div
        class="grid grid-cols-2 gap-2"
      >
        <div
          class="flex flex-col"
        >
          <label
            class="text-lg"
            for="month"
          >
            Mes de publicación
          </label>
          <input
            class="input"
            id="month"
            max="12"
            min="1"
            name="month"
            placeholder="Introduce el mes de publicación"
            type="number"
            value=""
          />
        </div>
        <div
          class="flex flex-col"
        >
          <label
            class="text-lg"
            for="year"
          >
            Año de publicación
          </label>
          <input
            class="input"
            id="year"
            max="2030"
            min="2020"
            name="year"
            placeholder="Introduce el año de publicación"
            type="number"
            value=""
          />
        </div>
      </div>
    </div>
    <button
      class="btn bg-accent w-full"
    >
      Guardar
    </button>
    <div
      style="position: fixed; z-index: 9999; top: 16px; left: 16px; right: 16px; bottom: 16px; pointer-events: none;"
    />
  </form>
</div>
`;
