// Jest Snapshot v1, https://goo.gl/fbAQLP

exports[`tests on MangaDetails page should to match with snapshot 1`] = `
<div>
  <nav
    class="container"
  >
    <div
      class="content"
    >
      <svg
        color="white"
        cursor="pointer"
        data-testid="menu"
        fill="none"
        height="32"
        stroke="currentColor"
        stroke-width="0.5"
        style="color: white;"
        viewBox="0 0 24 24"
        width="32"
        xmlns="http://www.w3.org/2000/svg"
      >
        <path
          d="M4 6h16M4 12h16M4 18h16"
          stroke-linecap="round"
          stroke-linejoin="round"
          stroke-width="2"
        />
      </svg>
      <span
        style="box-sizing: border-box; display: inline-block; overflow: hidden; width: 150px; height: 30px; background: none; opacity: 1; border: 0px; margin: 0px; padding: 0px; position: relative;"
      >
        <img
          alt="Aurora Mangas Logo"
          class="cursor-pointer"
          data-nimg="fixed"
          decoding="async"
          src="data:image/gif;base64,R0lGODlhAQABAIAAAAAAAP///yH5BAEAAAAALAAAAAABAAEAAAIBRAA7"
          style="position: absolute; top: 0px; left: 0px; bottom: 0px; right: 0px; box-sizing: border-box; padding: 0px; margin: auto; display: block; width: 0px; height: 0px; min-width: 100%; max-width: 100%; min-height: 100%; max-height: 100%;"
        />
        <noscript />
      </span>
      <div
        class="relative cursor-pointer"
        data-testid="cart-menu"
      >
        <svg
          color="white"
          cursor="pointer"
          fill="none"
          height="32"
          stroke="currentColor"
          stroke-width="0"
          style="color: white;"
          viewBox="0 0 24 24"
          width="32"
          xmlns="http://www.w3.org/2000/svg"
        >
          <path
            d="M3 3h2l.4 2M7 13h10l4-8H5.4M7 13L5.4 5M7 13l-2.293 2.293c-.63.63-.184 1.707.707 1.707H17m0 0a2 2 0 100 4 2 2 0 000-4zm-8 2a2 2 0 11-4 0 2 2 0 014 0z"
            stroke-linecap="round"
            stroke-linejoin="round"
            stroke-width="2"
          />
        </svg>
        <span
          class="w-6 h-6 text-center font-semibold bg-accentDark bg-opacity-95 rounded-full absolute -top-2 -right-2"
        >
          0
        </span>
      </div>
      <form
        class="flex col-span-2"
        data-testid="search-form"
      >
        <input
          class="w-full rounded border-cyan-400 border p-1 text-sm text-dark"
          placeholder="Encuentra tu manga favorito. Ejemplo: one punch man #1"
          type="search"
          value=""
        />
      </form>
      <svg
        color="white"
        cursor="pointer"
        fill="none"
        height="32"
        stroke="currentColor"
        stroke-width="0"
        style="color: white;"
        viewBox="0 0 24 24"
        width="32"
        xmlns="http://www.w3.org/2000/svg"
      >
        <path
          d="M8 16l2.879-2.879m0 0a3 3 0 104.243-4.242 3 3 0 00-4.243 4.242zM21 12a9 9 0 11-18 0 9 9 0 0118 0z"
          stroke-linecap="round"
          stroke-linejoin="round"
          stroke-width="2"
        />
      </svg>
    </div>
  </nav>
  <div
    class="min-h-screen max-w-[360px] bg-dark fixed top-0 left-0 w-full z-50 p-4 transition-transform -translate-x-full"
  >
    <div
      class="flex justify-between items-center mb-2"
    >
      <div
        class="w-8"
      />
      <h2
        class="text-2xl"
      >
        Bienvenido
      </h2>
      <svg
        class="cursor-pointer"
        data-testid="close-icon"
        fill="currentColor"
        height="32"
        stroke="currentColor"
        stroke-width="0"
        viewBox="0 0 20 20"
        width="32"
        xmlns="http://www.w3.org/2000/svg"
      >
        <path
          clip-rule="evenodd"
          d="M4.293 4.293a1 1 0 011.414 0L10 8.586l4.293-4.293a1 1 0 111.414 1.414L11.414 10l4.293 4.293a1 1 0 01-1.414 1.414L10 11.414l-4.293 4.293a1 1 0 01-1.414-1.414L8.586 10 4.293 5.707a1 1 0 010-1.414z"
          fill-rule="evenodd"
        />
      </svg>
    </div>
    <p
      class="text-center mb-2"
    >
      Ingresa para gestionar tu cuenta
    </p>
    <div
      class="flex gap-2 mb-4"
    >
      <button
        class="btn bg-accent w-full"
      >
        Ingresar
      </button>
      <button
        class="btn ghost w-full"
      >
        Crear cuenta
      </button>
    </div>
  </div>
  <div
    class="fixed top-0 right-0 min-h-screen h-screen min-w-[360px] bg-dark z-50 transition-transform translate-x-full"
  >
    <div
      class="flex justify-between items-center border-b border-strokeLight p-4"
      style="height: 65px;"
    >
      <svg
        cursor="pointer"
        data-testid="close-shopping-cart-icon"
        fill="currentColor"
        height="28"
        stroke="currentColor"
        stroke-width="0"
        viewBox="0 0 20 20"
        width="28"
        xmlns="http://www.w3.org/2000/svg"
      >
        <path
          clip-rule="evenodd"
          d="M4.293 4.293a1 1 0 011.414 0L10 8.586l4.293-4.293a1 1 0 111.414 1.414L11.414 10l4.293 4.293a1 1 0 01-1.414 1.414L10 11.414l-4.293 4.293a1 1 0 01-1.414-1.414L8.586 10 4.293 5.707a1 1 0 010-1.414z"
          fill-rule="evenodd"
        />
      </svg>
      <h2
        class="text-center text-2xl"
      >
        Carrito de compra
      </h2>
      <div
        class="w-7"
      />
    </div>
    <div
      class="flex flex-col gap-4 items-center overflow-y-scroll cartlist-items"
      style="padding-top: 1rem; padding-bottom: 1rem;"
    >
      <h2
        class="text-center"
      >
        No hay elementos en el carrito de compra
      </h2>
    </div>
  </div>
  <main
    class="main"
    style="max-width: var(--xl);"
  >
    <div
      class="py-2"
    >
      <h1
        class="title mb-4"
      >
        Detalles del producto
      </h1>
      <div
        class="mx-auto gap-4"
        style="display: grid; grid-template-columns: 200px 1fr; max-width: 600px;"
      >
        <div>
          <span
            style="box-sizing: border-box; display: inline-block; overflow: hidden; width: 200px; height: 300px; background: none; opacity: 1; border: 0px; margin: 0px; padding: 0px; position: relative;"
          >
            <img
              data-nimg="fixed"
              decoding="async"
              src="data:image/gif;base64,R0lGODlhAQABAIAAAAAAAP///yH5BAEAAAAALAAAAAABAAEAAAIBRAA7"
              style="position: absolute; top: 0px; left: 0px; bottom: 0px; right: 0px; box-sizing: border-box; padding: 0px; margin: auto; display: block; width: 0px; height: 0px; min-width: 100%; max-width: 100%; min-height: 100%; max-height: 100%;"
            />
            <noscript />
          </span>
        </div>
        <div>
          <div
            class="grid grid-cols-2 mb-2 hover:bg-accent"
          >
            <p
              class="border border-strokeLight border-solid px-2"
            >
              Titulo
            </p>
            <p
              class="border border-strokeLight border-solid px-2"
            >
              One punch man no.12
            </p>
          </div>
          <div
            class="grid grid-cols-2 mb-2 hover:bg-accent"
          >
            <p
              class="border border-strokeLight border-solid px-2"
            >
              Serie
            </p>
            <p
              class="border border-strokeLight border-solid px-2"
            >
              One Punch Man
            </p>
          </div>
          <div
            class="grid grid-cols-2 mb-2 hover:bg-accent"
          >
            <p
              class="border border-strokeLight border-solid px-2"
            >
              Número
            </p>
            <p
              class="border border-strokeLight border-solid px-2"
            >
              12
            </p>
          </div>
          <div
            class="grid grid-cols-2 mb-2 hover:bg-accent"
          >
            <p
              class="border border-strokeLight border-solid px-2"
            >
              Publicado
            </p>
            <p
              class="border border-strokeLight border-solid px-2"
            >
              2022/09/01
            </p>
          </div>
          <div
            class="grid grid-cols-2 mb-2 hover:bg-accent"
          >
            <p
              class="border border-strokeLight border-solid px-2"
            >
              Precio
            </p>
            <p
              class="border border-strokeLight border-solid px-2"
            >
              $99.00
            </p>
          </div>
          <div
            class="grid grid-cols-2 mb-2 hover:bg-accent"
          >
            <p
              class="border border-strokeLight border-solid px-2"
            >
              Stock
            </p>
            <p
              class="border border-strokeLight border-solid px-2"
            >
              10
            </p>
          </div>
          <div
            class="grid grid-cols-2 mb-2 hover:bg-accent"
          >
            <p
              class="border border-strokeLight border-solid px-2"
            >
              Unidades vendidas
            </p>
            <p
              class="border border-strokeLight border-solid px-2"
            >
              10
            </p>
          </div>
        </div>
      </div>
    </div>
  </main>
  <footer
    class="min-h-[150px] border-t border-solid border-stroke"
  >
    <h2
      class="text-xl md:text-3xl text-center p-4 mt-8"
    >
      Síguenos en nuestras redes sociales
    </h2>
    <div
      class="flex justify-center gap-8"
    >
      <span
        style="box-sizing: border-box; display: inline-block; overflow: hidden; width: 32px; height: 32px; background: none; opacity: 1; border: 0px; margin: 0px; padding: 0px; position: relative;"
      >
        <img
          data-nimg="fixed"
          decoding="async"
          src="data:image/gif;base64,R0lGODlhAQABAIAAAAAAAP///yH5BAEAAAAALAAAAAABAAEAAAIBRAA7"
          style="position: absolute; top: 0px; left: 0px; bottom: 0px; right: 0px; box-sizing: border-box; padding: 0px; margin: auto; display: block; width: 0px; height: 0px; min-width: 100%; max-width: 100%; min-height: 100%; max-height: 100%;"
        />
        <noscript />
      </span>
      <span
        style="box-sizing: border-box; display: inline-block; overflow: hidden; width: 36px; height: 36px; background: none; opacity: 1; border: 0px; margin: 0px; padding: 0px; position: relative;"
      >
        <img
          data-nimg="fixed"
          decoding="async"
          src="data:image/gif;base64,R0lGODlhAQABAIAAAAAAAP///yH5BAEAAAAALAAAAAABAAEAAAIBRAA7"
          style="position: absolute; top: 0px; left: 0px; bottom: 0px; right: 0px; box-sizing: border-box; padding: 0px; margin: auto; display: block; width: 0px; height: 0px; min-width: 100%; max-width: 100%; min-height: 100%; max-height: 100%;"
        />
        <noscript />
      </span>
    </div>
  </footer>
</div>
`;
