// Jest Snapshot v1, https://goo.gl/fbAQLP

exports[`tests on AdminCreateManga page should to match with snapshot 1`] = `
<div>
  <nav
    class="container"
  >
    <div
      class="content"
    >
      <svg
        color="white"
        cursor="pointer"
        data-testid="menu"
        fill="none"
        height="32"
        stroke="currentColor"
        stroke-width="0.5"
        style="color: white;"
        viewBox="0 0 24 24"
        width="32"
        xmlns="http://www.w3.org/2000/svg"
      >
        <path
          d="M4 6h16M4 12h16M4 18h16"
          stroke-linecap="round"
          stroke-linejoin="round"
          stroke-width="2"
        />
      </svg>
      <span
        style="box-sizing: border-box; display: inline-block; overflow: hidden; width: 150px; height: 30px; background: none; opacity: 1; border: 0px; margin: 0px; padding: 0px; position: relative;"
      >
        <img
          alt="Aurora Mangas Logo"
          class="cursor-pointer"
          data-nimg="fixed"
          data-testid="app-logo"
          decoding="async"
          src="data:image/gif;base64,R0lGODlhAQABAIAAAAAAAP///yH5BAEAAAAALAAAAAABAAEAAAIBRAA7"
          style="position: absolute; top: 0px; left: 0px; bottom: 0px; right: 0px; box-sizing: border-box; padding: 0px; margin: auto; display: block; width: 0px; height: 0px; min-width: 100%; max-width: 100%; min-height: 100%; max-height: 100%;"
        />
        <noscript />
      </span>
      <div
        class="relative cursor-pointer"
        data-testid="cart-menu"
      >
        <svg
          color="white"
          cursor="pointer"
          data-testid="shopping-cart-menu"
          fill="currentColor"
          height="32"
          stroke="currentColor"
          stroke-width="0"
          style="color: white;"
          viewBox="0 0 24 24"
          width="32"
          xmlns="http://www.w3.org/2000/svg"
        >
          <path
            d="M0 0h24v24H0V0z"
            fill="none"
          />
          <path
            d="M15.55 13c.75 0 1.41-.41 1.75-1.03l3.58-6.49A.996.996 0 0020.01 4H5.21l-.94-2H1v2h2l3.6 7.59-1.35 2.44C4.52 15.37 5.48 17 7 17h12v-2H7l1.1-2h7.45zM6.16 6h12.15l-2.76 5H8.53L6.16 6zM7 18c-1.1 0-1.99.9-1.99 2S5.9 22 7 22s2-.9 2-2-.9-2-2-2zm10 0c-1.1 0-1.99.9-1.99 2s.89 2 1.99 2 2-.9 2-2-.9-2-2-2z"
          />
        </svg>
        <span
          class="w-6 h-6 text-center font-semibold bg-accentDark bg-opacity-95 rounded-full absolute -top-2 -right-2"
        >
          0
        </span>
      </div>
      <form
        class="flex col-span-2"
        data-testid="search-form"
      >
        <input
          class="w-full rounded border-cyan-400 border p-1 text-sm text-dark"
          data-testid="search-input"
          placeholder="Encuentra tu manga favorito. Ejemplo: one punch man #1"
          type="search"
          value=""
        />
      </form>
      <svg
        color="white"
        cursor="pointer"
        data-testid="search-icon"
        fill="none"
        height="32"
        stroke="currentColor"
        stroke-width="0"
        style="color: white;"
        viewBox="0 0 24 24"
        width="32"
        xmlns="http://www.w3.org/2000/svg"
      >
        <path
          d="M8 16l2.879-2.879m0 0a3 3 0 104.243-4.242 3 3 0 00-4.243 4.242zM21 12a9 9 0 11-18 0 9 9 0 0118 0z"
          stroke-linecap="round"
          stroke-linejoin="round"
          stroke-width="2"
        />
      </svg>
    </div>
  </nav>
  <div
    class="min-h-screen max-w-[360px] bg-dark fixed top-0 left-0 w-full z-50 p-4 transition-transform -translate-x-full z-[1000]"
  >
    <div
      class="flex justify-between items-center mb-2"
    >
      <div
        class="w-8"
      />
      <h2
        class="text-2xl"
      >
        Bienvenido
      </h2>
      <svg
        class="cursor-pointer"
        data-testid="close-icon"
        fill="currentColor"
        height="32"
        stroke="currentColor"
        stroke-width="0"
        viewBox="0 0 20 20"
        width="32"
        xmlns="http://www.w3.org/2000/svg"
      >
        <path
          clip-rule="evenodd"
          d="M4.293 4.293a1 1 0 011.414 0L10 8.586l4.293-4.293a1 1 0 111.414 1.414L11.414 10l4.293 4.293a1 1 0 01-1.414 1.414L10 11.414l-4.293 4.293a1 1 0 01-1.414-1.414L8.586 10 4.293 5.707a1 1 0 010-1.414z"
          fill-rule="evenodd"
        />
      </svg>
    </div>
    <p
      class="text-center mb-2"
    >
      Ingresa para gestionar tu cuenta
    </p>
    <div
      class="flex gap-2 mb-4"
    >
      <button
        class="btn bg-accent w-full"
      >
        Ingresar
      </button>
      <button
        class="btn ghost w-full"
      >
        Crear cuenta
      </button>
    </div>
  </div>
  <div
    class="fixed top-0 right-0 min-h-screen h-screen min-w-[360px] bg-dark z-50 transition-transform translate-x-full"
  >
    <div
      class="flex justify-between items-center border-b border-strokeLight p-4"
      style="height: 65px;"
    >
      <svg
        cursor="pointer"
        data-testid="close-shopping-cart-icon"
        fill="currentColor"
        height="32"
        stroke="currentColor"
        stroke-width="0"
        viewBox="0 0 20 20"
        width="32"
        xmlns="http://www.w3.org/2000/svg"
      >
        <path
          clip-rule="evenodd"
          d="M4.293 4.293a1 1 0 011.414 0L10 8.586l4.293-4.293a1 1 0 111.414 1.414L11.414 10l4.293 4.293a1 1 0 01-1.414 1.414L10 11.414l-4.293 4.293a1 1 0 01-1.414-1.414L8.586 10 4.293 5.707a1 1 0 010-1.414z"
          fill-rule="evenodd"
        />
      </svg>
      <h2
        class="text-center text-2xl"
      >
        Carrito de compra
      </h2>
      <div
        class="w-7"
      />
    </div>
    <div
      class="flex flex-col gap-4 items-center overflow-y-scroll cartlist-items"
      style="padding-top: 1rem; padding-bottom: 1rem;"
    >
      <h2
        class="text-center"
      >
        No hay elementos en el carrito de compra
      </h2>
    </div>
  </div>
  <main
    class="main"
    style="max-width: var(--md);"
  >
    <h1
      class="title"
    >
      Agregar nuevo manga
    </h1>
    <form
      class="mx-auto mb-4 max-w-lg"
      data-testid="form-create-manga"
    >
      <div
        class="flex flex-col gap-4 mb-4"
      >
        <div
          class="flex flex-col gap-2"
        >
          <label
            class="text-lg"
            for="serie"
          >
            Seleccionar serie
          </label>
          <select
            class="input bg-white"
            id="serie"
            name="serie"
          >
            <option
              disabled=""
              value=""
            >
              Selecciona una serie
            </option>
            <option
              value="2baea5fb-2fd2-41ff-bf8b-f64d247a23dd"
            >
              Inuyasha
            </option>
            <option
              value="368852b4-62e7-449b-bd14-f6fd410037cc"
            >
              One Piece
            </option>
            <option
              value="543e5b82-6441-428e-b1c6-4c35db75d17b"
            >
              One Punch Man
            </option>
            <option
              value="9a4b8fa4-91cf-461f-a00c-efecfd3aae52"
            >
              Akira
            </option>
            <option
              value="9b63b0dc-adcd-40b9-8584-cdd3338555e1"
            >
              Hunter x Hunter
            </option>
          </select>
        </div>
        <div
          class="flex flex-col gap-2"
        >
          <label
            class="text-lg"
            for="number"
          >
            Escribe el número de volumen
          </label>
          <input
            class="input"
            id="number"
            min="0"
            name="number"
            placeholder="Número"
            type="number"
            value=""
          />
        </div>
        <div
          class="flex flex-col gap-2"
        >
          <label
            class="text-lg"
            for="price"
          >
            Escribe el precio unitario
          </label>
          <input
            class="input"
            id="price"
            min="0"
            name="price"
            placeholder="Escribe el precio unitario"
            type="number"
            value="undefined"
          />
        </div>
        <div
          class="flex flex-col gap-2"
        >
          <label
            class="text-lg"
            for="imgURL"
          >
            Coloca la URL de la serie (cloudinary)
          </label>
          <input
            class="input"
            id="imgURL"
            name="imgURL"
            placeholder="Coloca una url de cloudinary"
            type="text"
            value=""
          />
        </div>
        <div
          class="flex flex-col gap-2"
        >
          <label
            class="text-lg"
            for="title"
          >
            Escribe un título
          </label>
          <input
            class="input"
            id="title"
            name="title"
            placeholder="Escribe un título"
            type="text"
            value=""
          />
        </div>
        <div
          class="grid grid-cols-2 gap-2"
        >
          <div
            class="flex flex-col"
          >
            <label
              class="text-lg"
              for="month"
            >
              Mes de publicación
            </label>
            <input
              class="input"
              id="month"
              max="12"
              min="1"
              name="month"
              placeholder="Introduce el mes de publicación"
              type="number"
              value=""
            />
          </div>
          <div
            class="flex flex-col"
          >
            <label
              class="text-lg"
              for="year"
            >
              Año de publicación
            </label>
            <input
              class="input"
              id="year"
              max="2030"
              min="2020"
              name="year"
              placeholder="Introduce el año de publicación"
              type="number"
              value=""
            />
          </div>
        </div>
        <div
          class="grid grid-cols-2 gap-2"
        >
          <div
            class="flex flex-col"
          >
            <label
              class="text-lg"
              for="stock"
            >
              Stock actual
            </label>
            <input
              class="input"
              id="stock"
              min="0"
              name="stock"
              readonly=""
              type="number"
              value="0"
            />
          </div>
          <div
            class="flex flex-col"
          >
            <label
              class="text-lg"
              for="incrementStock"
            >
              Incrementar Stock
            </label>
            <input
              class="input"
              id="incrementStock"
              min="0"
              name="incrementStock"
              placeholder="Añade el incremento de stock "
              type="number"
              value="0"
            />
          </div>
        </div>
      </div>
      <button
        class="btn bg-accent w-full"
      >
        Guardar
      </button>
      <div
        style="position: fixed; z-index: 9999; top: 16px; left: 16px; right: 16px; bottom: 16px; pointer-events: none;"
      />
    </form>
  </main>
  <footer
    class="min-h-[150px] border-t border-solid border-stroke"
  >
    <h2
      class="text-xl md:text-3xl text-center p-4 mt-8"
    >
      Síguenos en nuestras redes sociales
    </h2>
    <div
      class="flex justify-center gap-8"
    >
      <span
        style="box-sizing: border-box; display: inline-block; overflow: hidden; width: 32px; height: 32px; background: none; opacity: 1; border: 0px; margin: 0px; padding: 0px; position: relative;"
      >
        <img
          alt="facebook"
          data-nimg="fixed"
          decoding="async"
          src="data:image/gif;base64,R0lGODlhAQABAIAAAAAAAP///yH5BAEAAAAALAAAAAABAAEAAAIBRAA7"
          style="position: absolute; top: 0px; left: 0px; bottom: 0px; right: 0px; box-sizing: border-box; padding: 0px; margin: auto; display: block; width: 0px; height: 0px; min-width: 100%; max-width: 100%; min-height: 100%; max-height: 100%;"
        />
        <noscript />
      </span>
      <span
        style="box-sizing: border-box; display: inline-block; overflow: hidden; width: 36px; height: 36px; background: none; opacity: 1; border: 0px; margin: 0px; padding: 0px; position: relative;"
      >
        <img
          alt="twitter"
          data-nimg="fixed"
          decoding="async"
          src="data:image/gif;base64,R0lGODlhAQABAIAAAAAAAP///yH5BAEAAAAALAAAAAABAAEAAAIBRAA7"
          style="position: absolute; top: 0px; left: 0px; bottom: 0px; right: 0px; box-sizing: border-box; padding: 0px; margin: auto; display: block; width: 0px; height: 0px; min-width: 100%; max-width: 100%; min-height: 100%; max-height: 100%;"
        />
        <noscript />
      </span>
    </div>
  </footer>
</div>
`;
