// Jest Snapshot v1, https://goo.gl/fbAQLP

exports[`test on Nabvar component should to match with snapshot 1`] = `
<div>
  <nav
    class="container"
  >
    <div
      class="content"
    >
      <svg
        color="white"
        cursor="pointer"
        data-testid="menu"
        fill="none"
        height="32"
        stroke="currentColor"
        stroke-width="0.5"
        style="color: white;"
        viewBox="0 0 24 24"
        width="32"
        xmlns="http://www.w3.org/2000/svg"
      >
        <path
          d="M4 6h16M4 12h16M4 18h16"
          stroke-linecap="round"
          stroke-linejoin="round"
          stroke-width="2"
        />
      </svg>
      <span
        style="box-sizing: border-box; display: inline-block; overflow: hidden; width: 150px; height: 30px; background: none; opacity: 1; border: 0px; margin: 0px; padding: 0px; position: relative;"
      >
        <img
          alt="Aurora Mangas Logo"
          class="cursor-pointer"
          data-nimg="fixed"
          decoding="async"
          src="data:image/gif;base64,R0lGODlhAQABAIAAAAAAAP///yH5BAEAAAAALAAAAAABAAEAAAIBRAA7"
          style="position: absolute; top: 0px; left: 0px; bottom: 0px; right: 0px; box-sizing: border-box; padding: 0px; margin: auto; display: block; width: 0px; height: 0px; min-width: 100%; max-width: 100%; min-height: 100%; max-height: 100%;"
        />
        <noscript />
      </span>
      <div
        class="relative cursor-pointer"
        data-testid="cart-menu"
      >
        <svg
          color="white"
          cursor="pointer"
          fill="none"
          height="32"
          stroke="currentColor"
          stroke-width="0"
          style="color: white;"
          viewBox="0 0 24 24"
          width="32"
          xmlns="http://www.w3.org/2000/svg"
        >
          <path
            d="M3 3h2l.4 2M7 13h10l4-8H5.4M7 13L5.4 5M7 13l-2.293 2.293c-.63.63-.184 1.707.707 1.707H17m0 0a2 2 0 100 4 2 2 0 000-4zm-8 2a2 2 0 11-4 0 2 2 0 014 0z"
            stroke-linecap="round"
            stroke-linejoin="round"
            stroke-width="2"
          />
        </svg>
        <span
          class="w-6 h-6 text-center font-semibold bg-accentDark bg-opacity-95 rounded-full absolute -top-2 -right-2"
        >
          0
        </span>
      </div>
      <form
        class="flex col-span-2"
        data-testid="search-form"
      >
        <input
          class="w-full rounded border-cyan-400 border p-1 text-sm text-dark"
          placeholder="Encuentra tu manga favorito. Ejemplo: one punch man #1"
          type="search"
          value="hello"
        />
      </form>
      <svg
        color="white"
        cursor="pointer"
        fill="none"
        height="32"
        stroke="currentColor"
        stroke-width="0"
        style="color: white;"
        viewBox="0 0 24 24"
        width="32"
        xmlns="http://www.w3.org/2000/svg"
      >
        <path
          d="M8 16l2.879-2.879m0 0a3 3 0 104.243-4.242 3 3 0 00-4.243 4.242zM21 12a9 9 0 11-18 0 9 9 0 0118 0z"
          stroke-linecap="round"
          stroke-linejoin="round"
          stroke-width="2"
        />
      </svg>
    </div>
  </nav>
</div>
`;
