// Jest Snapshot v1, https://goo.gl/fbAQLP

exports[`test on SliderMangas component should to match with snapshot 1`] = `
<div>
  <section
    class="px-4 relative justify-center"
  >
    <h2
      class="text-center text-xl mb-2"
    >
      12
       Mangas
    </h2>
    <div
      class="content "
      style="scroll-behavior: smooth; justify-content: flex-start;"
    >
      <div
        class="bg-white relative min-w-[225px] max-w-[450px] rounded w-full"
        data-testid="card-manga"
      >
        <span
          style="box-sizing: border-box; display: block; overflow: hidden; background: none; opacity: 1; border: 0px; margin: 0px; padding: 0px; position: relative;"
        >
          <span
            style="box-sizing: border-box; display: block; background: none; opacity: 1; border: 0px; margin: 0px; padding: 150% 0px 0px 0px;"
          />
          <img
            class="object-contain cursor-pointer rounded-t"
            data-nimg="responsive"
            decoding="async"
            src="data:image/gif;base64,R0lGODlhAQABAIAAAAAAAP///yH5BAEAAAAALAAAAAABAAEAAAIBRAA7"
            style="position: absolute; top: 0px; left: 0px; bottom: 0px; right: 0px; box-sizing: border-box; padding: 0px; margin: auto; display: block; width: 0px; height: 0px; min-width: 100%; max-width: 100%; min-height: 100%; max-height: 100%;"
          />
          <noscript />
        </span>
        <div
          class="p-2 flex flex-col items-center"
        >
          <a
            class="text-dark text-xl text-center hover:underline"
            href="/serie/one-punch-man"
          >
            One Punch Man
             #
            12
          </a>
          <p
            class="text-dark text-lg"
          >
            $99.00
          </p>
          <button
            class="btn bg-accent text-dark w-full"
            role="button"
          >
            Agregar al carrito
          </button>
        </div>
        <div
          class="absolute bg-dark bg-opacity-80 top-2/4 right-2 rounded-full"
        >
          <p
            class="text-2xl px-2 py-4 w-16 text-center"
          >
            # 
            12
          </p>
        </div>
        <div
          style="position: fixed; z-index: 9999; top: 16px; left: 16px; right: 16px; bottom: 16px; pointer-events: none;"
        />
      </div>
      <div
        class="bg-white relative min-w-[225px] max-w-[450px] rounded w-full"
        data-testid="card-manga"
      >
        <span
          style="box-sizing: border-box; display: block; overflow: hidden; background: none; opacity: 1; border: 0px; margin: 0px; padding: 0px; position: relative;"
        >
          <span
            style="box-sizing: border-box; display: block; background: none; opacity: 1; border: 0px; margin: 0px; padding: 150% 0px 0px 0px;"
          />
          <img
            class="object-contain cursor-pointer rounded-t"
            data-nimg="responsive"
            decoding="async"
            src="data:image/gif;base64,R0lGODlhAQABAIAAAAAAAP///yH5BAEAAAAALAAAAAABAAEAAAIBRAA7"
            style="position: absolute; top: 0px; left: 0px; bottom: 0px; right: 0px; box-sizing: border-box; padding: 0px; margin: auto; display: block; width: 0px; height: 0px; min-width: 100%; max-width: 100%; min-height: 100%; max-height: 100%;"
          />
          <noscript />
        </span>
        <div
          class="p-2 flex flex-col items-center"
        >
          <a
            class="text-dark text-xl text-center hover:underline"
            href="/serie/one-punch-man"
          >
            One Punch Man
             #
            8
          </a>
          <p
            class="text-dark text-lg"
          >
            $99.00
          </p>
          <button
            class="btn bg-accent text-dark w-full"
            role="button"
          >
            Agregar al carrito
          </button>
        </div>
        <div
          class="absolute bg-dark bg-opacity-80 top-2/4 right-2 rounded-full"
        >
          <p
            class="text-2xl px-2 py-4 w-16 text-center"
          >
            # 
            8
          </p>
        </div>
        <div
          style="position: fixed; z-index: 9999; top: 16px; left: 16px; right: 16px; bottom: 16px; pointer-events: none;"
        />
      </div>
      <div
        class="bg-white relative min-w-[225px] max-w-[450px] rounded w-full"
        data-testid="card-manga"
      >
        <span
          style="box-sizing: border-box; display: block; overflow: hidden; background: none; opacity: 1; border: 0px; margin: 0px; padding: 0px; position: relative;"
        >
          <span
            style="box-sizing: border-box; display: block; background: none; opacity: 1; border: 0px; margin: 0px; padding: 150% 0px 0px 0px;"
          />
          <img
            class="object-contain cursor-pointer rounded-t"
            data-nimg="responsive"
            decoding="async"
            src="data:image/gif;base64,R0lGODlhAQABAIAAAAAAAP///yH5BAEAAAAALAAAAAABAAEAAAIBRAA7"
            style="position: absolute; top: 0px; left: 0px; bottom: 0px; right: 0px; box-sizing: border-box; padding: 0px; margin: auto; display: block; width: 0px; height: 0px; min-width: 100%; max-width: 100%; min-height: 100%; max-height: 100%;"
          />
          <noscript />
        </span>
        <div
          class="p-2 flex flex-col items-center"
        >
          <a
            class="text-dark text-xl text-center hover:underline"
            href="/serie/one-punch-man"
          >
            One Punch Man
             #
            5
          </a>
          <p
            class="text-dark text-lg"
          >
            $99.00
          </p>
          <button
            class="btn bg-accent text-dark w-full"
            role="button"
          >
            Agregar al carrito
          </button>
        </div>
        <div
          class="absolute bg-dark bg-opacity-80 top-2/4 right-2 rounded-full"
        >
          <p
            class="text-2xl px-2 py-4 w-16 text-center"
          >
            # 
            5
          </p>
        </div>
        <div
          style="position: fixed; z-index: 9999; top: 16px; left: 16px; right: 16px; bottom: 16px; pointer-events: none;"
        />
      </div>
      <div
        class="bg-white relative min-w-[225px] max-w-[450px] rounded w-full"
        data-testid="card-manga"
      >
        <span
          style="box-sizing: border-box; display: block; overflow: hidden; background: none; opacity: 1; border: 0px; margin: 0px; padding: 0px; position: relative;"
        >
          <span
            style="box-sizing: border-box; display: block; background: none; opacity: 1; border: 0px; margin: 0px; padding: 150% 0px 0px 0px;"
          />
          <img
            class="object-contain cursor-pointer rounded-t"
            data-nimg="responsive"
            decoding="async"
            src="data:image/gif;base64,R0lGODlhAQABAIAAAAAAAP///yH5BAEAAAAALAAAAAABAAEAAAIBRAA7"
            style="position: absolute; top: 0px; left: 0px; bottom: 0px; right: 0px; box-sizing: border-box; padding: 0px; margin: auto; display: block; width: 0px; height: 0px; min-width: 100%; max-width: 100%; min-height: 100%; max-height: 100%;"
          />
          <noscript />
        </span>
        <div
          class="p-2 flex flex-col items-center"
        >
          <a
            class="text-dark text-xl text-center hover:underline"
            href="/serie/one-punch-man"
          >
            One Punch Man
             #
            2
          </a>
          <p
            class="text-dark text-lg"
          >
            $99.00
          </p>
          <button
            class="btn bg-accent text-dark w-full"
            role="button"
          >
            Agregar al carrito
          </button>
        </div>
        <div
          class="absolute bg-dark bg-opacity-80 top-2/4 right-2 rounded-full"
        >
          <p
            class="text-2xl px-2 py-4 w-16 text-center"
          >
            # 
            2
          </p>
        </div>
        <div
          style="position: fixed; z-index: 9999; top: 16px; left: 16px; right: 16px; bottom: 16px; pointer-events: none;"
        />
      </div>
      <div
        class="bg-white relative min-w-[225px] max-w-[450px] rounded w-full"
        data-testid="card-manga"
      >
        <span
          style="box-sizing: border-box; display: block; overflow: hidden; background: none; opacity: 1; border: 0px; margin: 0px; padding: 0px; position: relative;"
        >
          <span
            style="box-sizing: border-box; display: block; background: none; opacity: 1; border: 0px; margin: 0px; padding: 150% 0px 0px 0px;"
          />
          <img
            class="object-contain cursor-pointer rounded-t"
            data-nimg="responsive"
            decoding="async"
            src="data:image/gif;base64,R0lGODlhAQABAIAAAAAAAP///yH5BAEAAAAALAAAAAABAAEAAAIBRAA7"
            style="position: absolute; top: 0px; left: 0px; bottom: 0px; right: 0px; box-sizing: border-box; padding: 0px; margin: auto; display: block; width: 0px; height: 0px; min-width: 100%; max-width: 100%; min-height: 100%; max-height: 100%;"
          />
          <noscript />
        </span>
        <div
          class="p-2 flex flex-col items-center"
        >
          <a
            class="text-dark text-xl text-center hover:underline"
            href="/serie/one-punch-man"
          >
            One Punch Man
             #
            1
          </a>
          <p
            class="text-dark text-lg"
          >
            $99.00
          </p>
          <button
            class="btn bg-accent text-dark w-full"
            role="button"
          >
            Agregar al carrito
          </button>
        </div>
        <div
          class="absolute bg-dark bg-opacity-80 top-2/4 right-2 rounded-full"
        >
          <p
            class="text-2xl px-2 py-4 w-16 text-center"
          >
            # 
            1
          </p>
        </div>
        <div
          style="position: fixed; z-index: 9999; top: 16px; left: 16px; right: 16px; bottom: 16px; pointer-events: none;"
        />
      </div>
      <div
        class="bg-white relative min-w-[225px] max-w-[450px] rounded w-full"
        data-testid="card-manga"
      >
        <span
          style="box-sizing: border-box; display: block; overflow: hidden; background: none; opacity: 1; border: 0px; margin: 0px; padding: 0px; position: relative;"
        >
          <span
            style="box-sizing: border-box; display: block; background: none; opacity: 1; border: 0px; margin: 0px; padding: 150% 0px 0px 0px;"
          />
          <img
            class="object-contain cursor-pointer rounded-t"
            data-nimg="responsive"
            decoding="async"
            src="data:image/gif;base64,R0lGODlhAQABAIAAAAAAAP///yH5BAEAAAAALAAAAAABAAEAAAIBRAA7"
            style="position: absolute; top: 0px; left: 0px; bottom: 0px; right: 0px; box-sizing: border-box; padding: 0px; margin: auto; display: block; width: 0px; height: 0px; min-width: 100%; max-width: 100%; min-height: 100%; max-height: 100%;"
          />
          <noscript />
        </span>
        <div
          class="p-2 flex flex-col items-center"
        >
          <a
            class="text-dark text-xl text-center hover:underline"
            href="/serie/one-punch-man"
          >
            One Punch Man
             #
            10
          </a>
          <p
            class="text-dark text-lg"
          >
            $99.00
          </p>
          <button
            class="btn bg-accent text-dark w-full"
            role="button"
          >
            Agregar al carrito
          </button>
        </div>
        <div
          class="absolute bg-dark bg-opacity-80 top-2/4 right-2 rounded-full"
        >
          <p
            class="text-2xl px-2 py-4 w-16 text-center"
          >
            # 
            10
          </p>
        </div>
        <div
          style="position: fixed; z-index: 9999; top: 16px; left: 16px; right: 16px; bottom: 16px; pointer-events: none;"
        />
      </div>
      <div
        class="bg-white relative min-w-[225px] max-w-[450px] rounded w-full"
        data-testid="card-manga"
      >
        <span
          style="box-sizing: border-box; display: block; overflow: hidden; background: none; opacity: 1; border: 0px; margin: 0px; padding: 0px; position: relative;"
        >
          <span
            style="box-sizing: border-box; display: block; background: none; opacity: 1; border: 0px; margin: 0px; padding: 150% 0px 0px 0px;"
          />
          <img
            class="object-contain cursor-pointer rounded-t"
            data-nimg="responsive"
            decoding="async"
            src="data:image/gif;base64,R0lGODlhAQABAIAAAAAAAP///yH5BAEAAAAALAAAAAABAAEAAAIBRAA7"
            style="position: absolute; top: 0px; left: 0px; bottom: 0px; right: 0px; box-sizing: border-box; padding: 0px; margin: auto; display: block; width: 0px; height: 0px; min-width: 100%; max-width: 100%; min-height: 100%; max-height: 100%;"
          />
          <noscript />
        </span>
        <div
          class="p-2 flex flex-col items-center"
        >
          <a
            class="text-dark text-xl text-center hover:underline"
            href="/serie/one-punch-man"
          >
            One Punch Man
             #
            7
          </a>
          <p
            class="text-dark text-lg"
          >
            $99.00
          </p>
          <button
            class="btn bg-accent text-dark w-full"
            role="button"
          >
            Agregar al carrito
          </button>
        </div>
        <div
          class="absolute bg-dark bg-opacity-80 top-2/4 right-2 rounded-full"
        >
          <p
            class="text-2xl px-2 py-4 w-16 text-center"
          >
            # 
            7
          </p>
        </div>
        <div
          style="position: fixed; z-index: 9999; top: 16px; left: 16px; right: 16px; bottom: 16px; pointer-events: none;"
        />
      </div>
      <div
        class="bg-white relative min-w-[225px] max-w-[450px] rounded w-full"
        data-testid="card-manga"
      >
        <span
          style="box-sizing: border-box; display: block; overflow: hidden; background: none; opacity: 1; border: 0px; margin: 0px; padding: 0px; position: relative;"
        >
          <span
            style="box-sizing: border-box; display: block; background: none; opacity: 1; border: 0px; margin: 0px; padding: 150% 0px 0px 0px;"
          />
          <img
            class="object-contain cursor-pointer rounded-t"
            data-nimg="responsive"
            decoding="async"
            src="data:image/gif;base64,R0lGODlhAQABAIAAAAAAAP///yH5BAEAAAAALAAAAAABAAEAAAIBRAA7"
            style="position: absolute; top: 0px; left: 0px; bottom: 0px; right: 0px; box-sizing: border-box; padding: 0px; margin: auto; display: block; width: 0px; height: 0px; min-width: 100%; max-width: 100%; min-height: 100%; max-height: 100%;"
          />
          <noscript />
        </span>
        <div
          class="p-2 flex flex-col items-center"
        >
          <a
            class="text-dark text-xl text-center hover:underline"
            href="/serie/one-punch-man"
          >
            One Punch Man
             #
            4
          </a>
          <p
            class="text-dark text-lg"
          >
            $99.00
          </p>
          <button
            class="btn bg-accent text-dark w-full"
            role="button"
          >
            Agregar al carrito
          </button>
        </div>
        <div
          class="absolute bg-dark bg-opacity-80 top-2/4 right-2 rounded-full"
        >
          <p
            class="text-2xl px-2 py-4 w-16 text-center"
          >
            # 
            4
          </p>
        </div>
        <div
          style="position: fixed; z-index: 9999; top: 16px; left: 16px; right: 16px; bottom: 16px; pointer-events: none;"
        />
      </div>
      <div
        class="bg-white relative min-w-[225px] max-w-[450px] rounded w-full"
        data-testid="card-manga"
      >
        <span
          style="box-sizing: border-box; display: block; overflow: hidden; background: none; opacity: 1; border: 0px; margin: 0px; padding: 0px; position: relative;"
        >
          <span
            style="box-sizing: border-box; display: block; background: none; opacity: 1; border: 0px; margin: 0px; padding: 150% 0px 0px 0px;"
          />
          <img
            class="object-contain cursor-pointer rounded-t"
            data-nimg="responsive"
            decoding="async"
            src="data:image/gif;base64,R0lGODlhAQABAIAAAAAAAP///yH5BAEAAAAALAAAAAABAAEAAAIBRAA7"
            style="position: absolute; top: 0px; left: 0px; bottom: 0px; right: 0px; box-sizing: border-box; padding: 0px; margin: auto; display: block; width: 0px; height: 0px; min-width: 100%; max-width: 100%; min-height: 100%; max-height: 100%;"
          />
          <noscript />
        </span>
        <div
          class="p-2 flex flex-col items-center"
        >
          <a
            class="text-dark text-xl text-center hover:underline"
            href="/serie/one-punch-man"
          >
            One Punch Man
             #
            11
          </a>
          <p
            class="text-dark text-lg"
          >
            $99.00
          </p>
          <button
            class="btn bg-accent text-dark w-full"
            role="button"
          >
            Agregar al carrito
          </button>
        </div>
        <div
          class="absolute bg-dark bg-opacity-80 top-2/4 right-2 rounded-full"
        >
          <p
            class="text-2xl px-2 py-4 w-16 text-center"
          >
            # 
            11
          </p>
        </div>
        <div
          style="position: fixed; z-index: 9999; top: 16px; left: 16px; right: 16px; bottom: 16px; pointer-events: none;"
        />
      </div>
      <div
        class="bg-white relative min-w-[225px] max-w-[450px] rounded w-full"
        data-testid="card-manga"
      >
        <span
          style="box-sizing: border-box; display: block; overflow: hidden; background: none; opacity: 1; border: 0px; margin: 0px; padding: 0px; position: relative;"
        >
          <span
            style="box-sizing: border-box; display: block; background: none; opacity: 1; border: 0px; margin: 0px; padding: 150% 0px 0px 0px;"
          />
          <img
            class="object-contain cursor-pointer rounded-t"
            data-nimg="responsive"
            decoding="async"
            src="data:image/gif;base64,R0lGODlhAQABAIAAAAAAAP///yH5BAEAAAAALAAAAAABAAEAAAIBRAA7"
            style="position: absolute; top: 0px; left: 0px; bottom: 0px; right: 0px; box-sizing: border-box; padding: 0px; margin: auto; display: block; width: 0px; height: 0px; min-width: 100%; max-width: 100%; min-height: 100%; max-height: 100%;"
          />
          <noscript />
        </span>
        <div
          class="p-2 flex flex-col items-center"
        >
          <a
            class="text-dark text-xl text-center hover:underline"
            href="/serie/one-punch-man"
          >
            One Punch Man
             #
            9
          </a>
          <p
            class="text-dark text-lg"
          >
            $99.00
          </p>
          <button
            class="btn bg-accent text-dark w-full"
            role="button"
          >
            Agregar al carrito
          </button>
        </div>
        <div
          class="absolute bg-dark bg-opacity-80 top-2/4 right-2 rounded-full"
        >
          <p
            class="text-2xl px-2 py-4 w-16 text-center"
          >
            # 
            9
          </p>
        </div>
        <div
          style="position: fixed; z-index: 9999; top: 16px; left: 16px; right: 16px; bottom: 16px; pointer-events: none;"
        />
      </div>
      <div
        class="bg-white relative min-w-[225px] max-w-[450px] rounded w-full"
        data-testid="card-manga"
      >
        <span
          style="box-sizing: border-box; display: block; overflow: hidden; background: none; opacity: 1; border: 0px; margin: 0px; padding: 0px; position: relative;"
        >
          <span
            style="box-sizing: border-box; display: block; background: none; opacity: 1; border: 0px; margin: 0px; padding: 150% 0px 0px 0px;"
          />
          <img
            class="object-contain cursor-pointer rounded-t"
            data-nimg="responsive"
            decoding="async"
            src="data:image/gif;base64,R0lGODlhAQABAIAAAAAAAP///yH5BAEAAAAALAAAAAABAAEAAAIBRAA7"
            style="position: absolute; top: 0px; left: 0px; bottom: 0px; right: 0px; box-sizing: border-box; padding: 0px; margin: auto; display: block; width: 0px; height: 0px; min-width: 100%; max-width: 100%; min-height: 100%; max-height: 100%;"
          />
          <noscript />
        </span>
        <div
          class="p-2 flex flex-col items-center"
        >
          <a
            class="text-dark text-xl text-center hover:underline"
            href="/serie/one-punch-man"
          >
            One Punch Man
             #
            3
          </a>
          <p
            class="text-dark text-lg"
          >
            $99.00
          </p>
          <button
            class="btn bg-accent text-dark w-full"
            role="button"
          >
            Agregar al carrito
          </button>
        </div>
        <div
          class="absolute bg-dark bg-opacity-80 top-2/4 right-2 rounded-full"
        >
          <p
            class="text-2xl px-2 py-4 w-16 text-center"
          >
            # 
            3
          </p>
        </div>
        <div
          style="position: fixed; z-index: 9999; top: 16px; left: 16px; right: 16px; bottom: 16px; pointer-events: none;"
        />
      </div>
      <div
        class="bg-white relative min-w-[225px] max-w-[450px] rounded w-full"
        data-testid="card-manga"
      >
        <span
          style="box-sizing: border-box; display: block; overflow: hidden; background: none; opacity: 1; border: 0px; margin: 0px; padding: 0px; position: relative;"
        >
          <span
            style="box-sizing: border-box; display: block; background: none; opacity: 1; border: 0px; margin: 0px; padding: 150% 0px 0px 0px;"
          />
          <img
            class="object-contain cursor-pointer rounded-t"
            data-nimg="responsive"
            decoding="async"
            src="data:image/gif;base64,R0lGODlhAQABAIAAAAAAAP///yH5BAEAAAAALAAAAAABAAEAAAIBRAA7"
            style="position: absolute; top: 0px; left: 0px; bottom: 0px; right: 0px; box-sizing: border-box; padding: 0px; margin: auto; display: block; width: 0px; height: 0px; min-width: 100%; max-width: 100%; min-height: 100%; max-height: 100%;"
          />
          <noscript />
        </span>
        <div
          class="p-2 flex flex-col items-center"
        >
          <a
            class="text-dark text-xl text-center hover:underline"
            href="/serie/one-punch-man"
          >
            One Punch Man
             #
            6
          </a>
          <p
            class="text-dark text-lg"
          >
            $99.00
          </p>
          <button
            class="btn bg-accent text-dark w-full"
            role="button"
          >
            Agregar al carrito
          </button>
        </div>
        <div
          class="absolute bg-dark bg-opacity-80 top-2/4 right-2 rounded-full"
        >
          <p
            class="text-2xl px-2 py-4 w-16 text-center"
          >
            # 
            6
          </p>
        </div>
        <div
          style="position: fixed; z-index: 9999; top: 16px; left: 16px; right: 16px; bottom: 16px; pointer-events: none;"
        />
      </div>
    </div>
    <div
      class="bg-white absolute left-0 top-1/2 rounded-full hidden md:block"
    >
      <svg
        color="#fff"
        cursor="pointer"
        data-testid="scroll-left-icon"
        fill="var(--accent)"
        height="28"
        stroke="var(--dark)"
        stroke-opacity="0.5"
        stroke-width="0.5"
        style="color: rgb(255, 255, 255); transform: scale(2);"
        viewBox="0 0 20 20"
        width="28"
        xmlns="http://www.w3.org/2000/svg"
      >
        <path
          clip-rule="evenodd"
          d="M10 18a8 8 0 100-16 8 8 0 000 16zm.707-10.293a1 1 0 00-1.414-1.414l-3 3a1 1 0 000 1.414l3 3a1 1 0 001.414-1.414L9.414 11H13a1 1 0 100-2H9.414l1.293-1.293z"
          fill-rule="evenodd"
        />
      </svg>
    </div>
    <div
      class="bg-white absolute right-0 top-1/2 rounded-full hidden md:block"
    >
      <svg
        class="shadow-inner"
        cursor="pointer"
        data-testid="scroll-right-icon"
        fill="var(--accent)"
        height="28"
        stroke="var(--dark)"
        stroke-opacity="0.3"
        stroke-width="0.5"
        style="transform: scale(2);"
        viewBox="0 0 20 20"
        width="28"
        xmlns="http://www.w3.org/2000/svg"
      >
        <path
          clip-rule="evenodd"
          d="M10 18a8 8 0 100-16 8 8 0 000 16zm3.707-8.707l-3-3a1 1 0 00-1.414 1.414L10.586 9H7a1 1 0 100 2h3.586l-1.293 1.293a1 1 0 101.414 1.414l3-3a1 1 0 000-1.414z"
          fill-rule="evenodd"
        />
      </svg>
    </div>
  </section>
</div>
`;
